.next/types/validator.ts(78,39): error TS2307: Cannot find module '../../app/products/barcode-scanner/page.js' or its corresponding type declarations.
.next/types/validator.ts(132,39): error TS2307: Cannot find module '../../app/products/mobile-computers/page.js' or its corresponding type declarations.
.next/types/validator.ts(141,39): error TS2307: Cannot find module '../../app/products/print-engine/page.js' or its corresponding type declarations.
