.next/dev/types/validator.ts(202,31): error TS2344: Type 'typeof import("D:/om majithiya/scancodeweb2/scancodeweb/app/[lang]/layout")' does not satisfy the constraint 'LayoutConfig<"/[lang]">'.
  Types of property 'default' are incompatible.
    Type '({ children, params, }: { children: ReactNode; params: Promise<{ lang: "en-US" | "en-GB" | "en-AU" | "en-AE" | "hi" | "fr"; }>; }) => Promise<Element>' is not assignable to type 'ComponentType<LayoutProps<"/[lang]">> | ((props: LayoutProps<"/[lang]">) => void | ReactNode | Promise<ReactNode> | Promise<...>)'.
      Type '({ children, params, }: { children: ReactNode; params: Promise<{ lang: "en-US" | "en-GB" | "en-AU" | "en-AE" | "hi" | "fr"; }>; }) => Promise<Element>' is not assignable to type 'FunctionComponent<LayoutProps<"/[lang]">>'.
        Types of parameters '__0' and 'props' are incompatible.
          Type 'LayoutProps<"/[lang]">' is not assignable to type '{ children: ReactNode; params: Promise<{ lang: "en-US" | "en-GB" | "en-AU" | "en-AE" | "hi" | "fr"; }>; }'.
            Types of property 'params' are incompatible.
              Type 'Promise<{ lang: string; }>' is not assignable to type 'Promise<{ lang: "en-US" | "en-GB" | "en-AU" | "en-AE" | "hi" | "fr"; }>'.
                Type '{ lang: string; }' is not assignable to type '{ lang: "en-US" | "en-GB" | "en-AU" | "en-AE" | "hi" | "fr"; }'.
                  Types of property 'lang' are incompatible.
                    Type 'string' is not assignable to type '"en-US" | "en-GB" | "en-AU" | "en-AE" | "hi" | "fr"'.
.next/types/validator.ts(202,31): error TS2344: Type 'typeof import("D:/om majithiya/scancodeweb2/scancodeweb/app/[lang]/layout")' does not satisfy the constraint 'LayoutConfig<"/[lang]">'.
  Types of property 'default' are incompatible.
    Type '({ children, params, }: { children: ReactNode; params: Promise<{ lang: "en-US" | "en-GB" | "en-AU" | "en-AE" | "hi" | "fr"; }>; }) => Promise<Element>' is not assignable to type 'ComponentType<LayoutProps<"/[lang]">> | ((props: LayoutProps<"/[lang]">) => void | ReactNode | Promise<ReactNode> | Promise<...>)'.
      Type '({ children, params, }: { children: ReactNode; params: Promise<{ lang: "en-US" | "en-GB" | "en-AU" | "en-AE" | "hi" | "fr"; }>; }) => Promise<Element>' is not assignable to type 'FunctionComponent<LayoutProps<"/[lang]">>'.
        Types of parameters '__0' and 'props' are incompatible.
          Type 'LayoutProps<"/[lang]">' is not assignable to type '{ children: ReactNode; params: Promise<{ lang: "en-US" | "en-GB" | "en-AU" | "en-AE" | "hi" | "fr"; }>; }'.
            Types of property 'params' are incompatible.
              Type 'Promise<{ lang: string; }>' is not assignable to type 'Promise<{ lang: "en-US" | "en-GB" | "en-AU" | "en-AE" | "hi" | "fr"; }>'.
                Type '{ lang: string; }' is not assignable to type '{ lang: "en-US" | "en-GB" | "en-AU" | "en-AE" | "hi" | "fr"; }'.
                  Types of property 'lang' are incompatible.
                    Type 'string' is not assignable to type '"en-US" | "en-GB" | "en-AU" | "en-AE" | "hi" | "fr"'.
app/[lang]/services/page.tsx(19,8): error TS2741: Property 'dict' is missing in type '{}' but required in type '{ dict: any; }'.
